// Jest Snapshot v1, https://goo.gl/fbAQLP

exports[`component APP test 测试hello world 1`] = `
<div
  className="container"
  data-test="container"
  title="dell lee"
>
  hello World!
</div>
`;
